#-----------------------------------------------------------
# Webtalk v2020.2 (64-bit)
# SW Build 3064766 on Wed Nov 18 09:12:45 MST 2020
# IP Build 3064653 on Wed Nov 18 14:17:31 MST 2020
# Start of session at: Fri Sep 24 22:27:37 2021
# Process ID: 26592
# Current directory: C:/Users/82106/Desktop/2021/Fall Semester/CD/LAB/Lab02/Lab02_010_Detector/Lab02_010_Detector.sim/sim_1/behav/xsim
# Command line: wbtcv.exe -mode batch -source C:/Users/82106/Desktop/2021/Fall Semester/CD/LAB/Lab02/Lab02_010_Detector/Lab02_010_Detector.sim/sim_1/behav/xsim/xsim.dir/detector_tb_behav/webtalk/xsim_webtalk.tcl -notrace
# Log file: C:/Users/82106/Desktop/2021/Fall Semester/CD/LAB/Lab02/Lab02_010_Detector/Lab02_010_Detector.sim/sim_1/behav/xsim/webtalk.log
# Journal file: C:/Users/82106/Desktop/2021/Fall Semester/CD/LAB/Lab02/Lab02_010_Detector/Lab02_010_Detector.sim/sim_1/behav/xsim\webtalk.jou
#-----------------------------------------------------------
source C:/Users/82106/Desktop/2021/Fall -notrace
